         U abort@@GLIBC_2.4
         U atoi@@GLIBC_2.4
000220a8 B __bss_end__
000220a8 B _bss_end__
00022088 B __bss_start
00022088 B __bss_start__
0001069c t call_weak_fn
         U closedir@@GLIBC_2.4
         U close@@GLIBC_2.4
000220a0 B command_help
0002209c B command_read_state
00022098 B command_write_config
00022094 b completed.10342
00022050 D __data_start
00022050 W data_start
000106c0 t deregister_tm_clones
00010728 t __do_global_dtors_aux
00021f08 t __do_global_dtors_aux_fini_array_entry
00010a60 T do_help
000109f8 T do_read_state
000109b8 T do_write_config
00022054 D __dso_handle
00021f10 d _DYNAMIC
00022088 D _edata
000220a8 B __end__
000220a8 B _end
         U error@@GLIBC_2.4
         U exit@@GLIBC_2.4
00010e0c T _fini
00010750 t frame_dummy
00021f04 t __frame_dummy_init_array_entry
0001123c r __FRAME_END__
         U getopt_long@@GLIBC_2.4
00022000 d _GLOBAL_OFFSET_TABLE_
         w __gmon_start__
00010580 T _init
00021f08 t __init_array_end
00021f04 t __init_array_start
00010e14 R _IO_stdin_used
00021f0c d __JCR_END__
00021f0c d __JCR_LIST__
00010e08 T __libc_csu_fini
00010da8 T __libc_csu_init
         U __libc_start_main@@GLIBC_2.4
00022058 d long_options.7204
00010784 T main
         U mmap@@GLIBC_2.4
         U munmap@@GLIBC_2.4
         U opendir@@GLIBC_2.4
         U open@@GLIBC_2.4
00022090 B optarg@@GLIBC_2.4
00022088 B optind@@GLIBC_2.4
000220a4 B param_value
00010a88 T parse_cmdline
         U printf@@GLIBC_2.4
         U puts@@GLIBC_2.4
000106f0 t register_tm_clones
00010660 T _start
         U sysconf@@GLIBC_2.4
00022088 D __TMC_END__
000108e4 T validate_soc_system
